# Logfile created on Sun Dec 14 02:35:40 +0100 2008 by /
I, [2008-12-14T02:38:08.737578 #12304]  INFO -- : Engine: setting up.. 
I, [2008-12-14T02:38:08.857714 #12304]  INFO -- : Engine: connect
I, [2008-12-14T02:38:08.919048 #12304]  INFO -- : Engine: EX: SocketError 
I, [2008-12-14T02:38:08.920218 #12304]  INFO -- : Engine: /comboy/projects/ebim/lib/ruby/resolv.rb:669:in `send'/comboy/projects/ebim/lib/ruby/resolv.rb:596:in `request'/comboy/projects/ebim/lib/ruby/resolv.rb:474:in `each_resource'/comboy/projects/ebim/lib/ruby/resolv.rb:919:in `resolv'/comboy/projects/ebim/lib/ruby/resolv.rb:917:in `each'/comboy/projects/ebim/lib/ruby/resolv.rb:917:in `resolv'/comboy/projects/ebim/lib/ruby/resolv.rb:916:in `each'/comboy/projects/ebim/lib/ruby/resolv.rb:916:in `resolv'/comboy/projects/ebim/lib/ruby/resolv.rb:914:in `each'/comboy/projects/ebim/lib/ruby/resolv.rb:914:in `resolv'/comboy/projects/ebim/lib/ruby/resolv.rb:466:in `each_resource'/comboy/projects/ebim/lib/ruby/resolv.rb:457:in `getresources'/comboy/projects/ebim/lib/ruby/xmpp4r-0.4/lib/xmpp4r/client.rb:50:in `connect'/comboy/projects/ebim/lib/ruby/resolv.rb:380:in `open'/comboy/projects/ebim/lib/ruby/xmpp4r-0.4/lib/xmpp4r/client.rb:46:in `connect'/comboy/projects/ebim/src/ebim/engine.rb:30:in `connect'/comboy/projects/ebim/src/ebim/base.rb:17:in `initialize'/comboy/projects/ebim/src/main.rb:36/comboy/projects/ebim/src/main.rb:1:in `require'<script>:1
